11:22:06 **** Incremental Build of configuration Debug for project competency no4 ****
make -j16 all 
arm-none-eabi-gcc "../Core/Src/main.c" -mcpu=cortex-m4 -std=gnu11 -g3 -DDEBUG -DUSE_HAL_DRIVER -DSTM32F411xE -c -I../Core/Inc -I../Drivers/STM32F4xx_HAL_Driver/Inc -I../Drivers/STM32F4xx_HAL_Driver/Inc/Legacy -I../Drivers/CMSIS/Device/ST/STM32F4xx/Include -I../Drivers/CMSIS/Include -O0 -ffunction-sections -fdata-sections -Wall -fstack-usage -MMD -MP -MF"Core/Src/main.d" -MT"Core/Src/main.o" --specs=nano.specs -mfpu=fpv4-sp-d16 -mfloat-abi=hard -mthumb -o "Core/Src/main.o"
arm-none-eabi-gcc -o "competency no4.elf" @"objects.list"   -mcpu=cortex-m4 -T"C:\git\FRA222_COM3_6319_Thanasan\Competency3\competency no4\STM32F411RETX_FLASH.ld" --specs=nosys.specs -Wl,-Map="competency no4.map" -Wl,--gc-sections -static --specs=nano.specs -mfpu=fpv4-sp-d16 -mfloat-abi=hard -mthumb -Wl,--start-group -lc -lm -Wl,--end-group
Finished building target: competency no4.elf
 
arm-none-eabi-size   competency\ no4.elf 
arm-none-eabi-objdump -h -S  competency\ no4.elf  > "competency no4.list"
   text	   data	    bss	    dec	    hex	filename
  10820	     20	   1732	  12572	   311c	competency no4.elf
Finished building: default.size.stdout
 
Finished building: competency no4.list
 

11:22:07 Build Finished. 0 errors, 0 warnings. (took 612ms)

